running egg_info
writing ../../build/my_robot_package/my_robot_package.egg-info/PKG-INFO
writing dependency_links to ../../build/my_robot_package/my_robot_package.egg-info/dependency_links.txt
writing entry points to ../../build/my_robot_package/my_robot_package.egg-info/entry_points.txt
writing requirements to ../../build/my_robot_package/my_robot_package.egg-info/requires.txt
writing top-level names to ../../build/my_robot_package/my_robot_package.egg-info/top_level.txt
reading manifest file '../../build/my_robot_package/my_robot_package.egg-info/SOURCES.txt'
writing manifest file '../../build/my_robot_package/my_robot_package.egg-info/SOURCES.txt'
running build
running build_py
copying my_robot_package/publisher.py -> /home/yash/robot_ws/build/my_robot_package/build/lib/my_robot_package
copying my_robot_package/__init__.py -> /home/yash/robot_ws/build/my_robot_package/build/lib/my_robot_package
copying my_robot_package/py.typed -> /home/yash/robot_ws/build/my_robot_package/build/lib/my_robot_package
running install
running install_lib
running install_data
copying resource/my_robot_package -> /home/yash/robot_ws/install/my_robot_package/share/ament_index/resource_index/packages
copying package.xml -> /home/yash/robot_ws/install/my_robot_package/share/my_robot_package
running install_egg_info
removing '/home/yash/robot_ws/install/my_robot_package/lib/python3.14/site-packages/my_robot_package-0.0.0-py3.14.egg-info' (and everything under it)
Copying ../../build/my_robot_package/my_robot_package.egg-info to /home/yash/robot_ws/install/my_robot_package/lib/python3.14/site-packages/my_robot_package-0.0.0-py3.14.egg-info
running install_scripts
Installing publisher: script to /home/yash/robot_ws/install/my_robot_package/lib/my_robot_package
writing list of installed files to '/home/yash/robot_ws/build/my_robot_package/install.log'
