[0.908s] Invoking command in '/home/yash/robot_ws/src/my_robot_package': DEBUGINFOD_URLS=https://debuginfod.ubuntu.com PYTHONPATH=/home/yash/robot_ws/build/my_robot_package/prefix_override:/usr/lib/python3/dist-packages/colcon_core/task/python/colcon_distutils_commands:/home/yash/robot_ws/install/my_robot_package/lib/python3.14/site-packages:${PYTHONPATH} /usr/bin/python3 -W ignore:setup.py install is deprecated -W ignore:easy_install command is deprecated setup.py egg_info --egg-base ../../build/my_robot_package build --build-base /home/yash/robot_ws/build/my_robot_package/build install --record /home/yash/robot_ws/build/my_robot_package/install.log --install-scripts $base/lib/my_robot_package --single-version-externally-managed install_data
[1.062s] running egg_info
[1.070s] creating ../../build/my_robot_package/my_robot_package.egg-info
[1.072s] writing ../../build/my_robot_package/my_robot_package.egg-info/PKG-INFO
[1.072s] writing dependency_links to ../../build/my_robot_package/my_robot_package.egg-info/dependency_links.txt
[1.072s] writing entry points to ../../build/my_robot_package/my_robot_package.egg-info/entry_points.txt
[1.072s] writing requirements to ../../build/my_robot_package/my_robot_package.egg-info/requires.txt
[1.072s] writing top-level names to ../../build/my_robot_package/my_robot_package.egg-info/top_level.txt
[1.072s] writing manifest file '../../build/my_robot_package/my_robot_package.egg-info/SOURCES.txt'
[1.096s] reading manifest file '../../build/my_robot_package/my_robot_package.egg-info/SOURCES.txt'
[1.097s] writing manifest file '../../build/my_robot_package/my_robot_package.egg-info/SOURCES.txt'
[1.097s] running build
[1.097s] running build_py
[1.099s] creating /home/yash/robot_ws/build/my_robot_package/build/lib/my_robot_package
[1.099s] copying my_robot_package/publisher.py -> /home/yash/robot_ws/build/my_robot_package/build/lib/my_robot_package
[1.099s] copying my_robot_package/__init__.py -> /home/yash/robot_ws/build/my_robot_package/build/lib/my_robot_package
[1.099s] copying my_robot_package/py.typed -> /home/yash/robot_ws/build/my_robot_package/build/lib/my_robot_package
[1.099s] running install
[1.102s] running install_lib
[1.117s] creating /home/yash/robot_ws/install/my_robot_package/lib/python3.14/site-packages/my_robot_package
[1.117s] copying /home/yash/robot_ws/build/my_robot_package/build/lib/my_robot_package/py.typed -> /home/yash/robot_ws/install/my_robot_package/lib/python3.14/site-packages/my_robot_package
[1.117s] copying /home/yash/robot_ws/build/my_robot_package/build/lib/my_robot_package/publisher.py -> /home/yash/robot_ws/install/my_robot_package/lib/python3.14/site-packages/my_robot_package
[1.117s] copying /home/yash/robot_ws/build/my_robot_package/build/lib/my_robot_package/__init__.py -> /home/yash/robot_ws/install/my_robot_package/lib/python3.14/site-packages/my_robot_package
[1.117s] byte-compiling /home/yash/robot_ws/install/my_robot_package/lib/python3.14/site-packages/my_robot_package/publisher.py to publisher.cpython-314.pyc
[1.117s] byte-compiling /home/yash/robot_ws/install/my_robot_package/lib/python3.14/site-packages/my_robot_package/__init__.py to __init__.cpython-314.pyc
[1.118s] running install_data
[1.118s] creating /home/yash/robot_ws/install/my_robot_package/share/ament_index/resource_index/packages
[1.118s] copying resource/my_robot_package -> /home/yash/robot_ws/install/my_robot_package/share/ament_index/resource_index/packages
[1.118s] copying package.xml -> /home/yash/robot_ws/install/my_robot_package/share/my_robot_package
[1.118s] running install_egg_info
[1.129s] Copying ../../build/my_robot_package/my_robot_package.egg-info to /home/yash/robot_ws/install/my_robot_package/lib/python3.14/site-packages/my_robot_package-0.0.0-py3.14.egg-info
[1.133s] running install_scripts
[1.187s] Installing publisher: script to /home/yash/robot_ws/install/my_robot_package/lib/my_robot_package
[1.188s] writing list of installed files to '/home/yash/robot_ws/build/my_robot_package/install.log'
[1.208s] Invoked command in '/home/yash/robot_ws/src/my_robot_package' returned '0': DEBUGINFOD_URLS=https://debuginfod.ubuntu.com PYTHONPATH=/home/yash/robot_ws/build/my_robot_package/prefix_override:/usr/lib/python3/dist-packages/colcon_core/task/python/colcon_distutils_commands:/home/yash/robot_ws/install/my_robot_package/lib/python3.14/site-packages:${PYTHONPATH} /usr/bin/python3 -W ignore:setup.py install is deprecated -W ignore:easy_install command is deprecated setup.py egg_info --egg-base ../../build/my_robot_package build --build-base /home/yash/robot_ws/build/my_robot_package/build install --record /home/yash/robot_ws/build/my_robot_package/install.log --install-scripts $base/lib/my_robot_package --single-version-externally-managed install_data
