[-1790097481437469696.000s] DEBUG:colcon:Command line arguments: ['/usr/bin/colcon', 'build']
[-1790097481437469696.000s] DEBUG:colcon:Parsed command line arguments: Namespace(log_base=None, log_level=None, verb_name='build', build_base='build', install_base='install', merge_install=False, symlink_install=False, test_result_base=None, continue_on_error=False, executor='parallel', parallel_workers=4, event_handlers=None, ignore_user_meta=False, metas=['./colcon.meta'], base_paths=['.'], packages_ignore=None, packages_ignore_regex=None, paths=None, packages_up_to=None, packages_up_to_regex=None, packages_above=None, packages_above_and_dependencies=None, packages_above_depth=None, packages_select_by_dep=None, packages_skip_by_dep=None, packages_skip_up_to=None, packages_select_build_failed=False, packages_skip_build_finished=False, packages_select_test_failures=False, packages_skip_test_passed=False, packages_select=None, packages_skip=None, packages_select_regex=None, packages_skip_regex=None, packages_start=None, packages_end=None, cmake_args=None, cmake_target=None, cmake_target_skip_unavailable=False, cmake_clean_cache=False, cmake_clean_first=False, cmake_force_configure=False, ament_cmake_args=None, catkin_cmake_args=None, catkin_skip_building_tests=False, verb_parser=<colcon_defaults.argument_parser.defaults.DefaultArgumentsDecorator object at 0xe3964c109950>, verb_extension=<colcon_core.verb.build.BuildVerb object at 0xe3964c119010>, main=<bound method BuildVerb.main of <colcon_core.verb.build.BuildVerb object at 0xe3964c119010>>)
[-1790097481437469696.000s] Level 1:colcon.colcon_core.package_discovery:discover_packages(colcon_meta) check parameters
[-1790097481437469696.000s] Level 1:colcon.colcon_core.package_discovery:discover_packages(recursive) check parameters
[-1790097481437469696.000s] Level 1:colcon.colcon_core.package_discovery:discover_packages(ignore) check parameters
[-1790097481437469696.000s] Level 1:colcon.colcon_core.package_discovery:discover_packages(path) check parameters
[-1790097481437469696.000s] Level 1:colcon.colcon_core.package_discovery:discover_packages(colcon_meta) discover
[-1790097481437469696.000s] Level 1:colcon.colcon_core.package_discovery:discover_packages(recursive) discover
[-1790097481437469696.000s] INFO:colcon.colcon_core.package_discovery:Crawling recursively for packages in '/home/yash/robot_ws'
[-1790097481437469696.000s] Level 1:colcon.colcon_core.package_identification:_identify(.) by extensions ['ignore', 'ignore_ament_install']
[-1790097481437469696.000s] Level 1:colcon.colcon_core.package_identification:_identify(.) by extension 'ignore'
[-1790097481437469696.000s] Level 1:colcon.colcon_core.package_identification:_identify(.) by extension 'ignore_ament_install'
[-1790097481437469696.000s] Level 1:colcon.colcon_core.package_identification:_identify(.) by extensions ['colcon_pkg']
[-1790097481437469696.000s] Level 1:colcon.colcon_core.package_identification:_identify(.) by extension 'colcon_pkg'
[-1790097481437469696.000s] Level 1:colcon.colcon_core.package_identification:_identify(.) by extensions ['colcon_meta']
[-1790097481437469696.000s] Level 1:colcon.colcon_core.package_identification:_identify(.) by extension 'colcon_meta'
[-1790097481437469696.000s] Level 1:colcon.colcon_core.package_identification:_identify(.) by extensions ['ros']
[-1790097481437469696.000s] Level 1:colcon.colcon_core.package_identification:_identify(.) by extension 'ros'
[-1790097481437469696.000s] Level 1:colcon.colcon_core.package_identification:_identify(.) by extensions ['cmake', 'python']
[-1790097481437469696.000s] Level 1:colcon.colcon_core.package_identification:_identify(.) by extension 'cmake'
[-1790097481437469696.000s] Level 1:colcon.colcon_core.package_identification:_identify(.) by extension 'python'
[-1790097481437469696.000s] Level 1:colcon.colcon_core.package_identification:_identify(.) by extensions ['python_setup_py']
[-1790097481437469696.000s] Level 1:colcon.colcon_core.package_identification:_identify(.) by extension 'python_setup_py'
[-1790097481437469696.000s] Level 1:colcon.colcon_core.package_identification:_identify(build) by extensions ['ignore', 'ignore_ament_install']
[-1790097481437469696.000s] Level 1:colcon.colcon_core.package_identification:_identify(build) by extension 'ignore'
[-1790097481437469696.000s] Level 1:colcon.colcon_core.package_identification:_identify(build) ignored
[-1790097481437469696.000s] Level 1:colcon.colcon_core.package_identification:_identify(install) by extensions ['ignore', 'ignore_ament_install']
[-1790097481437469696.000s] Level 1:colcon.colcon_core.package_identification:_identify(install) by extension 'ignore'
[-1790097481437469696.000s] Level 1:colcon.colcon_core.package_identification:_identify(install) ignored
[-1790097481437469696.000s] Level 1:colcon.colcon_core.package_identification:_identify(log) by extensions ['ignore', 'ignore_ament_install']
[-1790097481437469696.000s] Level 1:colcon.colcon_core.package_identification:_identify(log) by extension 'ignore'
[-1790097481437469696.000s] Level 1:colcon.colcon_core.package_identification:_identify(log) ignored
[-1790097481437469696.000s] Level 1:colcon.colcon_core.package_identification:_identify(src) by extensions ['ignore', 'ignore_ament_install']
[-1790097481437469696.000s] Level 1:colcon.colcon_core.package_identification:_identify(src) by extension 'ignore'
[-1790097481437469696.000s] Level 1:colcon.colcon_core.package_identification:_identify(src) by extension 'ignore_ament_install'
[-1790097481437469696.000s] Level 1:colcon.colcon_core.package_identification:_identify(src) by extensions ['colcon_pkg']
[-1790097481437469696.000s] Level 1:colcon.colcon_core.package_identification:_identify(src) by extension 'colcon_pkg'
[-1790097481437469696.000s] Level 1:colcon.colcon_core.package_identification:_identify(src) by extensions ['colcon_meta']
[-1790097481437469696.000s] Level 1:colcon.colcon_core.package_identification:_identify(src) by extension 'colcon_meta'
[-1790097481437469696.000s] Level 1:colcon.colcon_core.package_identification:_identify(src) by extensions ['ros']
[-1790097481437469696.000s] Level 1:colcon.colcon_core.package_identification:_identify(src) by extension 'ros'
[-1790097481437469696.000s] Level 1:colcon.colcon_core.package_identification:_identify(src) by extensions ['cmake', 'python']
[-1790097481437469696.000s] Level 1:colcon.colcon_core.package_identification:_identify(src) by extension 'cmake'
[-1790097481437469696.000s] Level 1:colcon.colcon_core.package_identification:_identify(src) by extension 'python'
[-1790097481437469696.000s] Level 1:colcon.colcon_core.package_identification:_identify(src) by extensions ['python_setup_py']
[-1790097481437469696.000s] Level 1:colcon.colcon_core.package_identification:_identify(src) by extension 'python_setup_py'
[-1790097481437469696.000s] Level 1:colcon.colcon_core.package_discovery:discover_packages(recursive) using defaults
[-1790097481437469696.000s] Level 1:colcon.colcon_core.package_discovery:discover_packages(ignore) discover
[-1790097481437469696.000s] Level 1:colcon.colcon_core.package_discovery:discover_packages(ignore) using defaults
[-1790097481437469696.000s] Level 1:colcon.colcon_core.package_discovery:discover_packages(path) discover
[-1790097481437469696.000s] Level 1:colcon.colcon_core.package_discovery:discover_packages(path) using defaults
[-1790097481437469696.000s] INFO:colcon.colcon_core.executor:Executing jobs using 'parallel' executor
[-1790097481437469696.000s] DEBUG:colcon.colcon_parallel_executor.executor.parallel:run_until_complete
[-1790097481437469696.000s] DEBUG:colcon.colcon_parallel_executor.executor.parallel:closing loop
[-1790097481437469696.000s] DEBUG:colcon.colcon_parallel_executor.executor.parallel:loop closed
[-1790097481437469696.000s] DEBUG:colcon.colcon_parallel_executor.executor.parallel:run_until_complete finished with '0'
[-1790097481437469696.000s] DEBUG:colcon.colcon_core.event_reactor:joining thread
[-1790097481437469696.000s] INFO:colcon.colcon_core.plugin_system:Skipping extension 'colcon_notification.desktop_notification.terminal_notifier': Not used on non-Darwin systems
[-1790097481437469696.000s] INFO:colcon.colcon_core.plugin_system:Skipping extension 'colcon_notification.desktop_notification.win32': Not used on non-Windows systems
[-1790097481437469696.000s] INFO:colcon.colcon_notification.desktop_notification:Sending desktop notification using 'notify2'
[-1790097481437469696.000s] DEBUG:colcon.colcon_core.event_reactor:joined thread
[-1790097481437469696.000s] INFO:colcon.colcon_core.plugin_system:Skipping extension 'colcon_core.shell.bat': Not used on non-Windows systems
[-1790097481437469696.000s] INFO:colcon.colcon_core.shell:Creating prefix script '/home/yash/robot_ws/install/local_setup.sh'
[-1790097481437469696.000s] INFO:colcon.colcon_core.shell:Creating prefix util module '/home/yash/robot_ws/install/_local_setup_util_sh.py'
[-1790097481437469696.000s] INFO:colcon.colcon_core.shell:Creating prefix chain script '/home/yash/robot_ws/install/setup.sh'
[-1790097481437469696.000s] INFO:colcon.colcon_core.shell:Creating prefix script '/home/yash/robot_ws/install/local_setup.bash'
[-1790097481437469696.000s] INFO:colcon.colcon_core.shell:Creating prefix chain script '/home/yash/robot_ws/install/setup.bash'
[-1790097481437469696.000s] INFO:colcon.colcon_core.shell:Creating prefix script '/home/yash/robot_ws/install/local_setup.zsh'
[-1790097481437469696.000s] INFO:colcon.colcon_core.shell:Creating prefix chain script '/home/yash/robot_ws/install/setup.zsh'
