[0.564s] Invoking command in '/home/yash/robot_ws/src/my_robot_package': DEBUGINFOD_URLS=https://debuginfod.ubuntu.com PYTHONPATH=/home/yash/robot_ws/build/my_robot_package/prefix_override:/usr/lib/python3/dist-packages/colcon_core/task/python/colcon_distutils_commands:/home/yash/robot_ws/install/my_robot_package/lib/python3.14/site-packages:${PYTHONPATH} /usr/bin/python3 -W ignore:setup.py install is deprecated -W ignore:easy_install command is deprecated setup.py egg_info --egg-base ../../build/my_robot_package build --build-base /home/yash/robot_ws/build/my_robot_package/build install --record /home/yash/robot_ws/build/my_robot_package/install.log --install-scripts $base/lib/my_robot_package --single-version-externally-managed install_data
[0.701s] running egg_info
[0.709s] writing ../../build/my_robot_package/my_robot_package.egg-info/PKG-INFO
[0.710s] writing dependency_links to ../../build/my_robot_package/my_robot_package.egg-info/dependency_links.txt
[0.710s] writing entry points to ../../build/my_robot_package/my_robot_package.egg-info/entry_points.txt
[0.711s] writing requirements to ../../build/my_robot_package/my_robot_package.egg-info/requires.txt
[0.711s] writing top-level names to ../../build/my_robot_package/my_robot_package.egg-info/top_level.txt
[0.735s] reading manifest file '../../build/my_robot_package/my_robot_package.egg-info/SOURCES.txt'
[0.736s] writing manifest file '../../build/my_robot_package/my_robot_package.egg-info/SOURCES.txt'
[0.736s] running build
[0.736s] running build_py
[0.736s] copying my_robot_package/publisher.py -> /home/yash/robot_ws/build/my_robot_package/build/lib/my_robot_package
[0.737s] copying my_robot_package/__init__.py -> /home/yash/robot_ws/build/my_robot_package/build/lib/my_robot_package
[0.737s] copying my_robot_package/py.typed -> /home/yash/robot_ws/build/my_robot_package/build/lib/my_robot_package
[0.737s] running install
[0.740s] running install_lib
[0.751s] running install_data
[0.751s] copying resource/my_robot_package -> /home/yash/robot_ws/install/my_robot_package/share/ament_index/resource_index/packages
[0.751s] copying package.xml -> /home/yash/robot_ws/install/my_robot_package/share/my_robot_package
[0.751s] running install_egg_info
[0.761s] removing '/home/yash/robot_ws/install/my_robot_package/lib/python3.14/site-packages/my_robot_package-0.0.0-py3.14.egg-info' (and everything under it)
[0.763s] Copying ../../build/my_robot_package/my_robot_package.egg-info to /home/yash/robot_ws/install/my_robot_package/lib/python3.14/site-packages/my_robot_package-0.0.0-py3.14.egg-info
[0.763s] running install_scripts
[0.817s] Installing publisher script to /home/yash/robot_ws/install/my_robot_package/lib/my_robot_package
[0.818s] writing list of installed files to '/home/yash/robot_ws/build/my_robot_package/install.log'
[0.839s] Invoked command in '/home/yash/robot_ws/src/my_robot_package' returned '0': DEBUGINFOD_URLS=https://debuginfod.ubuntu.com PYTHONPATH=/home/yash/robot_ws/build/my_robot_package/prefix_override:/usr/lib/python3/dist-packages/colcon_core/task/python/colcon_distutils_commands:/home/yash/robot_ws/install/my_robot_package/lib/python3.14/site-packages:${PYTHONPATH} /usr/bin/python3 -W ignore:setup.py install is deprecated -W ignore:easy_install command is deprecated setup.py egg_info --egg-base ../../build/my_robot_package build --build-base /home/yash/robot_ws/build/my_robot_package/build install --record /home/yash/robot_ws/build/my_robot_package/install.log --install-scripts $base/lib/my_robot_package --single-version-externally-managed install_data
